// Jest Snapshot v1, https://goo.gl/fbAQLP

exports[`DragAndDrop component  DragAndDrop matches snapshot 1`] = `
<div>
  <div>
    <div>
      <h3>
        Top Left
      </h3>
      <div>
        <div
          data-rbd-draggable-context-id="0"
          data-rbd-draggable-id="task-1"
        >
          Take out the garbage
        </div>
        <div
          aria-describedby="rbd-hidden-text-0-hidden-text-0"
          data-rbd-drag-handle-context-id="0"
          data-rbd-drag-handle-draggable-id="task-2"
          data-rbd-draggable-context-id="0"
          data-rbd-draggable-id="task-2"
          draggable="false"
          role="button"
          tabindex="0"
        >
          Watch my favorite show
        </div>
        <div
          aria-describedby="rbd-hidden-text-0-hidden-text-0"
          data-rbd-drag-handle-context-id="0"
          data-rbd-drag-handle-draggable-id="task-3"
          data-rbd-draggable-context-id="0"
          data-rbd-draggable-id="task-3"
          draggable="false"
          role="button"
          tabindex="0"
        >
          Charge my phone
        </div>
        <div
          aria-describedby="rbd-hidden-text-0-hidden-text-0"
          data-rbd-drag-handle-context-id="0"
          data-rbd-drag-handle-draggable-id="task-4"
          data-rbd-draggable-context-id="0"
          data-rbd-draggable-id="task-4"
          draggable="false"
          role="button"
          tabindex="0"
        >
          Cook dinner
        </div>
      </div>
    </div>
    <div>
      <h3>
        Top Right
      </h3>
      <div />
    </div>
    <div>
      <h3>
        Bottom Left
      </h3>
      <div />
    </div>
    <div>
      <h3>
        Bottom Right
      </h3>
      <div />
    </div>
  </div>
</div>
`;
